// Jest Snapshot v1, https://goo.gl/fbAQLP

exports[`GridItem component testing  shoul be do match with snapshot 1`] = `
<div>
  <div
    class="card"
  >
    <img
      alt="my test"
      src="https://i.blogs.es/82d7ef/pokemon/1366_2000.jpeg"
    />
    <p>
      my test
    </p>
  </div>
</div>
`;
